running egg_info
writing ../../build/navi_app/navi_app.egg-info/PKG-INFO
writing dependency_links to ../../build/navi_app/navi_app.egg-info/dependency_links.txt
writing entry points to ../../build/navi_app/navi_app.egg-info/entry_points.txt
writing requirements to ../../build/navi_app/navi_app.egg-info/requires.txt
writing top-level names to ../../build/navi_app/navi_app.egg-info/top_level.txt
reading manifest file '../../build/navi_app/navi_app.egg-info/SOURCES.txt'
writing manifest file '../../build/navi_app/navi_app.egg-info/SOURCES.txt'
running build
running build_py
copying navi_app/__init__.py -> /home/tecnical/turtlebot-cicd/ros2_ws/build/navi_app/build/lib/navi_app
copying navi_app/navigation_node.py -> /home/tecnical/turtlebot-cicd/ros2_ws/build/navi_app/build/lib/navi_app
running install
running install_lib
copying /home/tecnical/turtlebot-cicd/ros2_ws/build/navi_app/build/lib/navi_app/navigation_node.py -> /home/tecnical/turtlebot-cicd/ros2_ws/install/navi_app/lib/python3.10/site-packages/navi_app
byte-compiling /home/tecnical/turtlebot-cicd/ros2_ws/install/navi_app/lib/python3.10/site-packages/navi_app/navigation_node.py to navigation_node.cpython-310.pyc
running install_data
copying resource/navi_app -> /home/tecnical/turtlebot-cicd/ros2_ws/install/navi_app/share/ament_index/resource_index/packages
copying package.xml -> /home/tecnical/turtlebot-cicd/ros2_ws/install/navi_app/share/navi_app
Sorry: IndentationError: unexpected indent (navigation_node.py, line 50)
running install_egg_info
removing '/home/tecnical/turtlebot-cicd/ros2_ws/install/navi_app/lib/python3.10/site-packages/navi_app-0.0.0-py3.10.egg-info' (and everything under it)
Copying ../../build/navi_app/navi_app.egg-info to /home/tecnical/turtlebot-cicd/ros2_ws/install/navi_app/lib/python3.10/site-packages/navi_app-0.0.0-py3.10.egg-info
running install_scripts
Installing navigation_node script to /home/tecnical/turtlebot-cicd/ros2_ws/install/navi_app/lib/navi_app
writing list of installed files to '/home/tecnical/turtlebot-cicd/ros2_ws/build/navi_app/install.log'
