[0.439s] Invoking command in '/home/tecnical/turtlebot-cicd/ros2_ws/src/navi_app': PYTHONPATH=/home/tecnical/turtlebot-cicd/ros2_ws/build/navi_app/prefix_override:/usr/lib/python3/dist-packages/colcon_core/task/python/colcon_distutils_commands:/home/tecnical/turtlebot-cicd/ros2_ws/install/navi_app/lib/python3.10/site-packages:${PYTHONPATH} /usr/bin/python3 -W ignore:setup.py install is deprecated -W ignore:easy_install command is deprecated setup.py egg_info --egg-base ../../build/navi_app build --build-base /home/tecnical/turtlebot-cicd/ros2_ws/build/navi_app/build install --record /home/tecnical/turtlebot-cicd/ros2_ws/build/navi_app/install.log --install-scripts $base/lib/navi_app --single-version-externally-managed install_data
[0.583s] running egg_info
[0.594s] writing ../../build/navi_app/navi_app.egg-info/PKG-INFO
[0.594s] writing dependency_links to ../../build/navi_app/navi_app.egg-info/dependency_links.txt
[0.594s] writing entry points to ../../build/navi_app/navi_app.egg-info/entry_points.txt
[0.594s] writing requirements to ../../build/navi_app/navi_app.egg-info/requires.txt
[0.594s] writing top-level names to ../../build/navi_app/navi_app.egg-info/top_level.txt
[0.616s] reading manifest file '../../build/navi_app/navi_app.egg-info/SOURCES.txt'
[0.616s] writing manifest file '../../build/navi_app/navi_app.egg-info/SOURCES.txt'
[0.616s] running build
[0.616s] running build_py
[0.617s] copying navi_app/__init__.py -> /home/tecnical/turtlebot-cicd/ros2_ws/build/navi_app/build/lib/navi_app
[0.617s] copying navi_app/navigation_node.py -> /home/tecnical/turtlebot-cicd/ros2_ws/build/navi_app/build/lib/navi_app
[0.617s] running install
[0.618s] running install_lib
[0.629s] copying /home/tecnical/turtlebot-cicd/ros2_ws/build/navi_app/build/lib/navi_app/navigation_node.py -> /home/tecnical/turtlebot-cicd/ros2_ws/install/navi_app/lib/python3.10/site-packages/navi_app
[0.629s] byte-compiling /home/tecnical/turtlebot-cicd/ros2_ws/install/navi_app/lib/python3.10/site-packages/navi_app/navigation_node.py to navigation_node.cpython-310.pyc
[0.629s] running install_data
[0.630s] copying resource/navi_app -> /home/tecnical/turtlebot-cicd/ros2_ws/install/navi_app/share/ament_index/resource_index/packages
[0.630s] copying package.xml -> /home/tecnical/turtlebot-cicd/ros2_ws/install/navi_app/share/navi_app
[0.630s] Sorry: IndentationError: unexpected indent (navigation_node.py, line 50)
[0.630s] running install_egg_info
[0.641s] removing '/home/tecnical/turtlebot-cicd/ros2_ws/install/navi_app/lib/python3.10/site-packages/navi_app-0.0.0-py3.10.egg-info' (and everything under it)
[0.641s] Copying ../../build/navi_app/navi_app.egg-info to /home/tecnical/turtlebot-cicd/ros2_ws/install/navi_app/lib/python3.10/site-packages/navi_app-0.0.0-py3.10.egg-info
[0.641s] running install_scripts
[0.720s] Installing navigation_node script to /home/tecnical/turtlebot-cicd/ros2_ws/install/navi_app/lib/navi_app
[0.720s] writing list of installed files to '/home/tecnical/turtlebot-cicd/ros2_ws/build/navi_app/install.log'
[0.731s] Invoked command in '/home/tecnical/turtlebot-cicd/ros2_ws/src/navi_app' returned '0': PYTHONPATH=/home/tecnical/turtlebot-cicd/ros2_ws/build/navi_app/prefix_override:/usr/lib/python3/dist-packages/colcon_core/task/python/colcon_distutils_commands:/home/tecnical/turtlebot-cicd/ros2_ws/install/navi_app/lib/python3.10/site-packages:${PYTHONPATH} /usr/bin/python3 -W ignore:setup.py install is deprecated -W ignore:easy_install command is deprecated setup.py egg_info --egg-base ../../build/navi_app build --build-base /home/tecnical/turtlebot-cicd/ros2_ws/build/navi_app/build install --record /home/tecnical/turtlebot-cicd/ros2_ws/build/navi_app/install.log --install-scripts $base/lib/navi_app --single-version-externally-managed install_data
